// Jest Snapshot v1, https://goo.gl/fbAQLP

exports[`should render Expense list item with expense 1`] = `<[object Object] />`;
